// Jest Snapshot v1, https://goo.gl/fbAQLP

exports[`RoundedButton renders correctly 1`] = `
<View
  accessible={true}
  collapsable={false}
  focusable={true}
  nativeID="animatedComponent"
  onClick={[Function]}
  onResponderGrant={[Function]}
  onResponderMove={[Function]}
  onResponderRelease={[Function]}
  onResponderTerminate={[Function]}
  onResponderTerminationRequest={[Function]}
  onStartShouldSetResponder={[Function]}
  style={
    Object {
      "opacity": 1,
    }
  }
>
  <View
    style={
      Object {
        "backgroundColor": "blue",
        "borderColor": "red",
        "borderRadius": 8,
        "marginBottom": 10,
        "marginTop": 5,
        "paddingHorizontal": 10,
        "paddingVertical": 14,
        "width": 200,
      }
    }
  >
    <Text
      style={
        Object {
          "color": "white",
          "fontSize": 16,
          "fontWeight": "bold",
          "textAlign": "center",
          "textTransform": "uppercase",
        }
      }
    >
      Test
    </Text>
  </View>
</View>
`;
